[page-preview.instapage.com/preview/623c8fc8208ed1d02b561db6f8229843e07a31241680db8bc9185e4e4b1102b678ad.html]
[backblue.gif]
[fade.gif]
[index.html]
[page-preview.instapage.com/preview/623c8fc8208ed1d02b561db6f8229843e07a31241680db8bc9185e4e4b1102b678ad.html]
[storage.googleapis.com/instapage-assets/favicon/favicon-32x32.png]
[storage.googleapis.com/instapage-assets/favicon/favicon-96x96.png]
[storage.googleapis.com/instapage-assets/favicon/favicon-16x16.png]
[storage.googleapis.com/instapage-assets/favicon/apple-icon-57x57.png]
[storage.googleapis.com/instapage-assets/favicon/apple-icon-72x72.png]
[storage.googleapis.com/instapage-assets/favicon/apple-icon-60x60.png]
[storage.googleapis.com/instapage-assets/favicon/apple-icon-76x76.png]
[storage.googleapis.com/instapage-assets/favicon/apple-icon-114x114.png]
[storage.googleapis.com/instapage-assets/favicon/apple-icon-144x144.png]
[storage.googleapis.com/instapage-assets/favicon/apple-icon-120x120.png]
[storage.googleapis.com/instapage-assets/favicon/apple-icon-152x152.png]
[storage.googleapis.com/instapage-assets/favicon/apple-icon-180x180.png]
[storage.googleapis.com/instapage-assets/favicon/ms-icon-144x144.png]
[c.fastcdn.co/ppa/pro-9eaddcc15219aba5cb6eb3caefe2f6a8/tracking/analytics-injector.js]
[c.fastcdn.co/ppa/pro-5cec0377abf0336db5ac52e60ee5eafc/polyfills.bundle.js]
[c.fastcdn.co/ppa/index.4334a0349b7f5da1eafdb14427079962.css]
[storage.googleapis.com/instapage-app-assets/1471520975_icon-search.png]
[storage.googleapis.com/instapage-app-assets/1483439775_hotspot_x1.png]
[c.fastcdn.co/ppa/pro-4d4f99cd889ba92b3a5bd22e4c7ca535/vendor.bundle.js]
[storage.googleapis.com/instapage-app-assets/1483439773_hotspot_x2.png]
[c.fastcdn.co/ppa/pro-7546c7b515df1eb88d3f344e7ecd179b/index.bundle.js]
